// Jest Snapshot v1, https://goo.gl/fbAQLP

exports[`should handle exported constant string literals 1`] = `
"declare export var SET_NAME: any; // \\"my/lib/SET_NAME\\"
declare export var SET_STAGE: any; // \\"my/lib/SET_STAGE\\"
"
`;

exports[`should handle string literals in function argument "overloading" 1`] = `
"declare interface MyObj {
  on(event: \\"error\\", cb: (err: Error) => void): this;
  on(event: \\"close\\", cb: (code: number, message: string) => void): this;
  on(
    event: \\"message\\",
    cb: (
      data: any,
      flags: {
        binary: boolean
      }
    ) => void
  ): this;
  on(
    event: \\"ping\\",
    cb: (
      data: any,
      flags: {
        binary: boolean
      }
    ) => void
  ): this;
  on(
    event: \\"pong\\",
    cb: (
      data: any,
      flags: {
        binary: boolean
      }
    ) => void
  ): this;
  on(event: \\"open\\", cb: () => void): this;
  on(event: string, listener: (...args: any[]) => void): this;
}
"
`;
