// Jest Snapshot v1, https://goo.gl/fbAQLP

exports[`should handle exported types 1`] = `
"export type FactoryOrValue<T> = T | (() => T);
export type Maybe<T> =
  | {
      type: \\"just\\",
      value: T
    }
  | {
      type: \\"nothing\\"
    };
"
`;
